// Jest Snapshot v1, https://goo.gl/fbAQLP

exports[`renders the Checkbox correctly when multiple props are set 1`] = `
<div>
  <label
    class="mb-input input-checkbox__wrapper"
  >
    <input
      class="input-checkbox"
      name="test-name"
      type="checkbox"
    />
    <span
      class="input-checkbox__label"
    >
      test-label
    </span>
  </label>
</div>
`;
